
> ps@0.1.0 build
> next build

⚠ `images.domains` is deprecated in favor of `images.remotePatterns`. Please update next.config.ts to protect your application from malicious users.
▲ Next.js 16.1.6 (Turbopack)
- Environments: .env

  Creating an optimized production build ...

> Build error occurred
Error: Turbopack build failed with 1 errors:
./utils/summaries-length-for-user.ts:3:1
Module not found: Can't resolve '@/lib/summaries'
[0m [90m 1 |[39m [32m'use server'[39m
 [90m 2 |[39m
[31m[1m>[22m[39m[90m 3 |[39m [36mimport[39m getSummaries [36mfrom[39m [32m"@/lib/summaries"[39m[33m;[39m
 [90m   |[39m [31m[1m^[22m[39m[31m[1m^[22m[39m[31m[1m^[22m[39m[31m[1m^[22m[39m[31m[1m^[22m[39m[31m[1m^[22m[39m[31m[1m^[22m[39m[31m[1m^[22m[39m[31m[1m^[22m[39m[31m[1m^[22m[39m[31m[1m^[22m[39m[31m[1m^[22m[39m[31m[1m^[22m[39m[31m[1m^[22m[39m[31m[1m^[22m[39m[31m[1m^[22m[39m[31m[1m^[22m[39m[31m[1m^[22m[39m[31m[1m^[22m[39m[31m[1m^[22m[39m[31m[1m^[22m[39m[31m[1m^[22m[39m[31m[1m^[22m[39m[31m[1m^[22m[39m[31m[1m^[22m[39m[31m[1m^[22m[39m[31m[1m^[22m[39m[31m[1m^[22m[39m[31m[1m^[22m[39m[31m[1m^[22m[39m[31m[1m^[22m[39m[31m[1m^[22m[39m[31m[1m^[22m[39m[31m[1m^[22m[39m[31m[1m^[22m[39m[31m[1m^[22m[39m[31m[1m^[22m[39m[31m[1m^[22m[39m[31m[1m^[22m[39m[31m[1m^[22m[39m[31m[1m^[22m[39m[31m[1m^[22m[39m[31m[1m^[22m[39m
 [90m 4 |[39m [36mimport[39m { auth } [36mfrom[39m [32m"@/utils/auth"[39m[33m;[39m
 [90m 5 |[39m [36mimport[39m { redirect } [36mfrom[39m [32m"next/navigation"[39m[33m;[39m
 [90m 6 |[39m[0m

Import map: aliased to relative './lib/summaries' inside of [project]/


Import trace:
  App Route:
    ./utils/summaries-length-for-user.ts
    ./lib/generated/index.js
    ./prisma/src/index.ts
    ./utils/auth.ts
    ./app/api/auth/[...nextauth]/route.ts

https://nextjs.org/docs/messages/module-not-found


    at <unknown> (./utils/summaries-length-for-user.ts:3:1)
    at <unknown> (https://nextjs.org/docs/messages/module-not-found)
